// Jest Snapshot v1, https://goo.gl/fbAQLP

exports[`renders correctly 1`] = `
<nav
  style={
    Object {
      "display": "flex",
      "fontSize": "1.7rem",
      "gap": "1rem",
    }
  }
>
  <a
    aria-current="page"
    className="active"
    href="/"
    onClick={[Function]}
    style={
      Object {
        "color": "red",
      }
    }
  >
    Home
  </a>
  <span>
    |
  </span>
  <a
    className=""
    href="/calculator"
    onClick={[Function]}
    style={
      Object {
        "color": "grey",
      }
    }
  >
    Calculator
  </a>
  <span>
    |
  </span>
  <a
    className=""
    href="/quotes"
    onClick={[Function]}
    style={
      Object {
        "color": "grey",
      }
    }
  >
    Quotes
  </a>
</nav>
`;
